// Jest Snapshot v1, https://goo.gl/fbAQLP

exports[`ResultPage matches the snapshot 1`] = `
<DocumentFragment>
  <div
    class="flex flex-col items-center"
  >
    <div>
      Loading...
    </div>
  </div>
</DocumentFragment>
`;
