// Jest Snapshot v1, https://goo.gl/fbAQLP

exports[`Question.tsx QuestionListのスナップショット 1`] = `
<div>
  <div
    class="w-full mx-auto"
  >
    <table
      class="border-collapse border-2 border-deep-gray text-sm mx-auto w-full"
    >
      <thead
        class="bg-light-gray"
      >
        <tr>
          <th
            class="border-2 border-deep-gray px-4 py-2 text-center w-1/12"
          />
          <th
            class="border-2 border-deep-gray px-4 py-2 text-center w-2/12"
          >
            最終編集日
          </th>
          <th
            class="border-2 border-deep-gray px-4 py-2 text-center w-3/12"
          >
            案件名
          </th>
          <th
            class="border-2 border-deep-gray px-4 py-2 text-center"
          >
            質問内容
          </th>
        </tr>
      </thead>
      <tbody>
        <tr>
          <td
            class="border-2 border-deep-gray px-4 py-2 text-center"
          >
            <input
              checked=""
              class="w-4 h-4 accent-orange cursor-pointer"
              type="checkbox"
              value="問題文１問題文１問題文１問題文１問題文１問題文１問題文１問題文１問題文１問題文１問題文１"
            />
          </td>
          <td
            class="border-2 border-deep-gray px-4 py-2 text-center"
          >
            2023-7-6
          </td>
          <td
            class="border-2 border-deep-gray px-4 py-2 text-center"
          >
            test1
          </td>
          <td
            class="border-2 border-deep-gray px-4 py-2 text-center"
          >
            問題文１問題文１問題文１問題文１問題文１問題文１問題文１問題文１問題文１問題文１問題文１
          </td>
        </tr>
        <tr>
          <td
            class="border-2 border-deep-gray px-4 py-2 text-center"
          >
            <input
              class="w-4 h-4 accent-orange cursor-pointer"
              type="checkbox"
              value="問題文２問題文２問題文２問題文２問題文２問題文２問題文２問題文２問題文２問題文２問題文２問題文２"
            />
          </td>
          <td
            class="border-2 border-deep-gray px-4 py-2 text-center"
          >
            2023-7-6
          </td>
          <td
            class="border-2 border-deep-gray px-4 py-2 text-center"
          >
            test1
          </td>
          <td
            class="border-2 border-deep-gray px-4 py-2 text-center"
          >
            問題文２問題文２問題文２問題文２問題文２問題文２問題文２問題文２問題文２問題文２問題文２問題文２
          </td>
        </tr>
        <tr>
          <td
            class="border-2 border-deep-gray px-4 py-2 text-center"
          >
            <input
              class="w-4 h-4 accent-orange cursor-pointer"
              type="checkbox"
              value="問題文３問題文３問題文３問題文３問題文３問題文３問題文３問題文３問題文３問題文３問題文３問題文３問題文３"
            />
          </td>
          <td
            class="border-2 border-deep-gray px-4 py-2 text-center"
          >
            2023-7-6
          </td>
          <td
            class="border-2 border-deep-gray px-4 py-2 text-center"
          >
            test1
          </td>
          <td
            class="border-2 border-deep-gray px-4 py-2 text-center"
          >
            問題文３問題文３問題文３問題文３問題文３問題文３問題文３問題文３問題文３問題文３問題文３問題文３問題文３
          </td>
        </tr>
      </tbody>
    </table>
  </div>
</div>
`;
