// Jest Snapshot v1, https://goo.gl/fbAQLP

exports[`SelectUsers.tsx レンダリング時 1`] = `
<div>
  <div
    class="mb-5"
  >
    <div
      class="flex items-center mb-2"
    >
      <p
        class="text-base w-40"
      >
        ▶ユーザーを選択する
      </p>
      <div
        class="text-xs ml-10"
      >
        <button
          class="bg-white hover:bg-gray-100 active:bg-gray-200 active:translate-y-0.5 active:shadow-sm py-2 px-4 rounded-full border shadow-md text-xs"
        >
          追加
        </button>
      </div>
    </div>
    <div>
      <div>
        <input
          class="border-2 border-light-gray text-xs p-1 w-full"
          id="search"
          readonly=""
          value=""
        />
      </div>
    </div>
  </div>
</div>
`;
