// Jest Snapshot v1, https://goo.gl/fbAQLP

exports[`スナップショットテスト 1`] = `
<div>
  <div>
    <button
      class="bg-orange drop-shadow-md hover:saturate-150 active:drop-shadow-none active:shadow-inner hover:bg-depp-orange active:bg-depp-orange active:translate-y-0.5 text-white rounded-xl p-2 w-40 h-auto text-lg"
    >
      OrangeButton
    </button>
  </div>
</div>
`;
