// Jest Snapshot v1, https://goo.gl/fbAQLP

exports[`WhiteCheckButton.tsx スナップショットテスト 1`] = `
<div>
  <button
    class="bg-white hover:bg-gray-100 py-2 px-4 rounded-full border shadow-md"
  >
    テスト
  </button>
</div>
`;
