// Jest Snapshot v1, https://goo.gl/fbAQLP

exports[`スナップショット スナップショット 1`] = `
<div>
  <div
    class="p-5 w-3/5 h-auto shadow-lg"
  >
    <h1
      class="border-b-[2px] border-b-black shadow-md text-2xl text-left w-full font-bold h-12"
    >
      進捗状況
    </h1>
    <div
      class="pt-5"
    >
      <h2>
        【対応済】
        3
        件
      </h2>
      <h2
        class="pt-5"
      >
        【未対応】
        4
        件
      </h2>
      <ul
        class="pl-5"
      >
        <li
          class="pt-2"
        >
          2023年10月01日
          までに対応必須の項目が
          2
          件あります
        </li>
      </ul>
      <ul
        class="pl-5"
      >
        <li
          class="pt-2"
        >
          2023年10月15日
          までに対応必須の項目が
          1
          件あります
        </li>
      </ul>
      <ul
        class="pl-5"
      >
        <li
          class="pt-2"
        >
          2023年12月15日
          までに対応必須の項目が
          1
          件あります
        </li>
      </ul>
    </div>
  </div>
</div>
`;
