// Jest Snapshot v1, https://goo.gl/fbAQLP

exports[`ユーザー管理画面のテスト スナップショット 1`] = `
<div>
  <div
    class="flex justify-center"
  >
    <div
      class="border border-deep-gray w-max my-10"
    >
      <div
        class="flex items-center my-5"
      >
        <div>
          <input
            class="border w-[516px] mx-5 border-deep-gray"
            id="1"
          />
        </div>
        <button
          class="bg-white hover:bg-gray-100 active:bg-gray-200 active:translate-y-0.5 active:shadow-sm px-4 rounded-full border shadow-md w-20 py-0.5"
        >
          検索
        </button>
      </div>
      <div
        class=" w-4/5 mx-5"
      >
        <select
          class="border"
          id="year"
          name="year"
        >
          <option
            value="2010"
          >
            2010
          </option>
          <option
            value="2011"
          >
            2011
          </option>
          <option
            value="2012"
          >
            2012
          </option>
          <option
            value="2013"
          >
            2013
          </option>
          <option
            value="2014"
          >
            2014
          </option>
          <option
            value="2015"
          >
            2015
          </option>
          <option
            value="2016"
          >
            2016
          </option>
          <option
            value="2017"
          >
            2017
          </option>
          <option
            value="2018"
          >
            2018
          </option>
          <option
            value="2019"
          >
            2019
          </option>
          <option
            value="2020"
          >
            2020
          </option>
          <option
            value="2021"
          >
            2021
          </option>
          <option
            value="2022"
          >
            2022
          </option>
          <option
            value="2023"
          >
            2023
          </option>
        </select>
        <label
          for="year"
        >
           年 
        </label>
        <select
          class="border"
          id="month"
          name="month"
        >
          <option
            value="1"
          >
            01
          </option>
          <option
            value="2"
          >
            02
          </option>
          <option
            value="3"
          >
            03
          </option>
          <option
            value="4"
          >
            04
          </option>
          <option
            value="5"
          >
            05
          </option>
          <option
            value="6"
          >
            06
          </option>
          <option
            value="7"
          >
            07
          </option>
          <option
            value="8"
          >
            08
          </option>
          <option
            value="9"
          >
            09
          </option>
          <option
            value="10"
          >
            10
          </option>
          <option
            value="11"
          >
            11
          </option>
          <option
            value="12"
          >
            12
          </option>
        </select>
        <label
          for="month"
        >
           月
        </label>
      </div>
      <div
        class="my-5"
      >
        <button
          class="bg-white hover:bg-gray-100 active:bg-gray-200 active:translate-y-0.5 active:shadow-sm px-4 rounded-full border shadow-md w-20 mx-5 py-0.5"
        >
          Java
        </button>
        <button
          class="bg-white hover:bg-gray-100 active:bg-gray-200 active:translate-y-0.5 active:shadow-sm px-4 rounded-full border shadow-md w-20 mx-5 py-0.5"
        >
          PHP
        </button>
        <button
          class="bg-white hover:bg-gray-100 active:bg-gray-200 active:translate-y-0.5 active:shadow-sm px-4 rounded-full border shadow-md w-20 mx-5 py-0.5"
        >
          FR
        </button>
        <button
          class="bg-white hover:bg-gray-100 active:bg-gray-200 active:translate-y-0.5 active:shadow-sm px-4 rounded-full border shadow-md w-20 mx-5 py-0.5"
        >
          CL
        </button>
        <button
          class="bg-white hover:bg-gray-100 active:bg-gray-200 active:translate-y-0.5 active:shadow-sm px-4 rounded-full border shadow-md w-20 mx-5 py-0.5"
        >
          ML
        </button>
        <button
          class="bg-white hover:bg-gray-100 active:bg-gray-200 active:translate-y-0.5 active:shadow-sm px-4 rounded-full border shadow-md w-20 mx-5 py-0.5"
        >
          QA
        </button>
      </div>
      <div
        class="mx-5 my-5"
      >
        <button
          class="bg-white hover:bg-gray-100 active:bg-gray-200 active:translate-y-0.5 active:shadow-sm px-4 rounded-full border shadow-md w-32 mr-5 py-0.5"
        >
          研修中
        </button>
        <button
          class="bg-white hover:bg-gray-100 active:bg-gray-200 active:translate-y-0.5 active:shadow-sm px-4 rounded-full border shadow-md w-32 mr-5 py-0.5"
        >
          待機中
        </button>
        <button
          class="bg-white hover:bg-gray-100 active:bg-gray-200 active:translate-y-0.5 active:shadow-sm px-4 rounded-full border shadow-md w-32 mr-5 py-0.5"
        >
          アサイン中
        </button>
      </div>
    </div>
  </div>
  <div
    class="flex justify-center mb-10"
  >
    <div
      class="flex flex-col justify-center w-max"
    >
      <div
        class="flex justify-end"
      >
        <div>
          <label
            for="sortData"
          >
            ソート：
          </label>
          <select
            class=" border border-deep-gary"
            id="userList"
            name="userList"
          >
            <option
              selected=""
              value="入社日昇順"
            >
              入社日昇順
            </option>
            <option
              value="入社日降順"
            >
              入社日降順
            </option>
          </select>
        </div>
      </div>
      <table
        class=" w-[720px] my-1"
      >
        <thead>
          <tr
            class="border bg-deep-gray"
          >
            <th
              class=" border py-3"
            >
              入社日
            </th>
            <th
              class=" border"
            >
              所属
            </th>
            <th
              class=" border"
            >
              状態
            </th>
            <th
              class=" border"
            >
              氏名
            </th>
          </tr>
        </thead>
        <tbody>
          <tr
            class="border text-center"
          >
            <td
              class=" border py-3"
            >
              2023-06-23
            </td>
            <td
              class=" border"
            >
              Java
            </td>
            <td
              class=" border"
            >
              待機中
            </td>
            <td
              class=" border"
            >
              田中太郎
            </td>
          </tr>
        </tbody>
        <tbody>
          <tr
            class="border text-center"
          >
            <td
              class=" border py-3"
            >
              2023-06-24
            </td>
            <td
              class=" border"
            >
              Java
            </td>
            <td
              class=" border"
            >
              待機中
            </td>
            <td
              class=" border"
            >
              山田花子
            </td>
          </tr>
        </tbody>
        <tbody>
          <tr
            class="border text-center"
          >
            <td
              class=" border py-3"
            >
              2023-06-25
            </td>
            <td
              class=" border"
            >
              Java
            </td>
            <td
              class=" border"
            >
              待機中
            </td>
            <td
              class=" border"
            >
              高橋和夫
            </td>
          </tr>
        </tbody>
        <tbody>
          <tr
            class="border text-center"
          >
            <td
              class=" border py-3"
            >
              2023-06-26
            </td>
            <td
              class=" border"
            >
              Java
            </td>
            <td
              class=" border"
            >
              待機中
            </td>
            <td
              class=" border"
            >
              佐藤ゆき
            </td>
          </tr>
        </tbody>
        <tbody>
          <tr
            class="border text-center"
          >
            <td
              class=" border py-3"
            >
              2023-06-27
            </td>
            <td
              class=" border"
            >
              Java
            </td>
            <td
              class=" border"
            >
              待機中
            </td>
            <td
              class=" border"
            >
              鈴木康子
            </td>
          </tr>
        </tbody>
        <tbody>
          <tr
            class="border text-center"
          >
            <td
              class=" border py-3"
            >
              2023-06-28
            </td>
            <td
              class=" border"
            >
              Java
            </td>
            <td
              class=" border"
            >
              待機中
            </td>
            <td
              class=" border"
            >
              山本亮
            </td>
          </tr>
        </tbody>
        <tbody>
          <tr
            class="border text-center"
          >
            <td
              class=" border py-3"
            >
              2023-06-29
            </td>
            <td
              class=" border"
            >
              Java
            </td>
            <td
              class=" border"
            >
              待機中
            </td>
            <td
              class=" border"
            >
              相田三雄
            </td>
          </tr>
        </tbody>
        <tbody>
          <tr
            class="border text-center"
          >
            <td
              class=" border py-3"
            >
              2023-06-30
            </td>
            <td
              class=" border"
            >
              Java
            </td>
            <td
              class=" border"
            >
              待機中
            </td>
            <td
              class=" border"
            >
              中村隼人
            </td>
          </tr>
        </tbody>
      </table>
    </div>
  </div>
</div>
`;
