// Jest Snapshot v1, https://goo.gl/fbAQLP

exports[`adminトップページのテスト スナップショット 1`] = `
<div>
  <div
    class="flex justify-center items-center min-h-screen md:mt-[-40px]"
  >
    <div
      class="grid grid-cols-1 md:grid-cols-3 md:mt-10"
    />
  </div>
</div>
`;
