// Jest Snapshot v1, https://goo.gl/fbAQLP

exports[`TaskList.tsx レンダリング時 1`] = `
<div>
  <div
    class="flex flex-col items-center border-2 rounded-md w-3/6 mx-auto mt-6 p-3"
  >
    <div
      class="flex items-center mb-4"
    >
      <div>
        <input
          class="border border-light-gray text-xs p-1 w-96"
          id="search"
        />
      </div>
      <button
        class="bg-white hover:bg-gray-100 active:bg-gray-200 active:translate-y-0.5 active:shadow-sm py-2 px-4 rounded-full border shadow-md text-xs ml-2"
      >
        検索
      </button>
    </div>
    <div
      class="flex items-center mb-4"
    >
      <div
        class="mx-3"
      >
        <button
          class="bg-white hover:bg-gray-100 py-2 px-4 rounded-full border shadow-md text-xs w-16"
        >
          Java
        </button>
      </div>
      <div
        class="mx-3"
      >
        <button
          class="bg-white hover:bg-gray-100 py-2 px-4 rounded-full border shadow-md text-xs w-16"
        >
          PHP
        </button>
      </div>
      <div
        class="mx-3"
      >
        <button
          class="bg-white hover:bg-gray-100 py-2 px-4 rounded-full border shadow-md text-xs w-16"
        >
          FR
        </button>
      </div>
      <div
        class="mx-3"
      >
        <button
          class="bg-white hover:bg-gray-100 py-2 px-4 rounded-full border shadow-md text-xs w-16"
        >
          CL
        </button>
      </div>
      <div
        class="mx-3"
      >
        <button
          class="bg-white hover:bg-gray-100 py-2 px-4 rounded-full border shadow-md text-xs w-16"
        >
          ML
        </button>
      </div>
      <div
        class="mx-3"
      >
        <button
          class="bg-white hover:bg-gray-100 py-2 px-4 rounded-full border shadow-md text-xs w-16"
        >
          QA
        </button>
      </div>
    </div>
    <div>
      <div>
        <button
          class="bg-orange drop-shadow-md hover:saturate-150 active:drop-shadow-none active:shadow-inner hover:bg-depp-orange active:bg-depp-orange active:translate-y-0.5 text-white rounded-xl p-2 h-auto w-28 text-sm"
        >
          絞り込み
        </button>
      </div>
    </div>
  </div>
</div>
`;
