// Jest Snapshot v1, https://goo.gl/fbAQLP

exports[`AnswerListコンポーネントのテスト スナップショットテスト 1`] = `
{
  "asFragment": [Function],
  "baseElement": <body>
    <div>
      <div
        class="py-5"
      >
        <h3
          class="text-xl"
        >
          Q
          1
          :
          質問のタイトルが入ります
        </h3>
        <p
          class="mt-2 mb-4"
          id="content-1"
        >
          テキストテキストテキストテキストテキストテキストテキストテキストテキストテキストテキストテキストテキストテキストテキストテキストテキストテキストテキストテキストテキストテキストテキストテキスト
        </p>
        <div
          class="border border-gray p-3 mt-2 rounded-md shadow-md"
          id="answer-1"
        >
          <h3
            class="mb-2 text-xl"
          >
            あなたの回答
          </h3>
          回答内容が入ります。回答内容が入ります。回答内容が入ります。回答内容が入ります。回答内容が入ります。回答内容が入ります。回答内容が入ります。回答内容が入ります。回答内容が入ります。回答内容が入ります。回答内容が入ります。
        </div>
        <div
          class="my-7 p-3 rounded-md bg-light-gray"
          id="modelAnswer"
        >
          <h3
            class="text-xl mb-2 "
          >
            模範解答
          </h3>
          模範解答が入ります。模範解答が入ります。模範解答が入ります。模範解答が入ります。模範解答が入ります。模範解答が入ります。模範解答が入ります。模範解答が入ります。模範解答が入ります。模範解答が入ります。模範解答が入ります。
        </div>
      </div>
      <div
        class="py-5"
      >
        <h3
          class="text-xl"
        >
          Q
          2
          :
          質問のタイトルが入ります
        </h3>
        <p
          class="mt-2 mb-4"
          id="content-2"
        >
          テキストテキストテキストテキストテキストテキストテキストテキストテキストテキストテキストテキストテキストテキストテキストテキストテキストテキストテキストテキストテキストテキストテキストテキスト
        </p>
        <ul>
          <li>
            ・
            選択肢A
          </li>
          <li>
            ・
            選択肢B
          </li>
          <li>
            ・
            選択肢C
          </li>
          <li>
            ・
            選択肢D
          </li>
        </ul>
        <div
          class="border border-gray p-3 mt-5 rounded-md shadow-md"
          id="answer-2"
        >
          <h3
            class="mb-2 text-xl"
          >
            あなたの回答
          </h3>
          選択肢A
        </div>
        <div
          class="my-7 p-3 rounded-md bg-light-gray"
          id="modelAnswer"
        >
          <h3
            class="text-xl mb-2 "
          >
            模範解答
          </h3>
          模範解答が入ります。模範解答が入ります。模範解答が入ります。模範解答が入ります。模範解答が入ります。模範解答が入ります。模範解答が入ります。模範解答が入ります。模範解答が入ります。模範解答が入ります。模範解答が入ります。
        </div>
      </div>
      <div
        class="py-5"
      >
        <h3
          class="text-xl"
        >
          Q
          3
          :
          質問のタイトルが入ります
        </h3>
        <p
          class="mt-2 mb-4"
          id="content-3"
        >
          テキストテキストテキストテキストテキストテキストテキストテキストテキストテキストテキストテキストテキストテキストテキストテキストテキストテキストテキストテキストテキストテキストテキストテキスト
        </p>
        <div
          class="border border-gray p-3 mt-2 rounded-md shadow-md"
          id="answer-3"
        >
          <h3
            class="mb-2 text-xl"
          >
            あなたの回答
          </h3>
          回答内容が入ります。回答内容が入ります。回答内容が入ります。回答内容が入ります。回答内容が入ります。回答内容が入ります。回答内容が入ります。回答内容が入ります。回答内容が入ります。回答内容が入ります。回答内容が入ります。
        </div>
        <div
          class="my-7 p-3 rounded-md bg-light-gray"
          id="modelAnswer"
        >
          <h3
            class="text-xl mb-2 "
          >
            模範解答
          </h3>
          模範解答が入ります。模範解答が入ります。模範解答が入ります。模範解答が入ります。模範解答が入ります。模範解答が入ります。模範解答が入ります。模範解答が入ります。模範解答が入ります。模範解答が入ります。模範解答が入ります。
        </div>
      </div>
    </div>
  </body>,
  "container": <div>
    <div
      class="py-5"
    >
      <h3
        class="text-xl"
      >
        Q
        1
        :
        質問のタイトルが入ります
      </h3>
      <p
        class="mt-2 mb-4"
        id="content-1"
      >
        テキストテキストテキストテキストテキストテキストテキストテキストテキストテキストテキストテキストテキストテキストテキストテキストテキストテキストテキストテキストテキストテキストテキストテキスト
      </p>
      <div
        class="border border-gray p-3 mt-2 rounded-md shadow-md"
        id="answer-1"
      >
        <h3
          class="mb-2 text-xl"
        >
          あなたの回答
        </h3>
        回答内容が入ります。回答内容が入ります。回答内容が入ります。回答内容が入ります。回答内容が入ります。回答内容が入ります。回答内容が入ります。回答内容が入ります。回答内容が入ります。回答内容が入ります。回答内容が入ります。
      </div>
      <div
        class="my-7 p-3 rounded-md bg-light-gray"
        id="modelAnswer"
      >
        <h3
          class="text-xl mb-2 "
        >
          模範解答
        </h3>
        模範解答が入ります。模範解答が入ります。模範解答が入ります。模範解答が入ります。模範解答が入ります。模範解答が入ります。模範解答が入ります。模範解答が入ります。模範解答が入ります。模範解答が入ります。模範解答が入ります。
      </div>
    </div>
    <div
      class="py-5"
    >
      <h3
        class="text-xl"
      >
        Q
        2
        :
        質問のタイトルが入ります
      </h3>
      <p
        class="mt-2 mb-4"
        id="content-2"
      >
        テキストテキストテキストテキストテキストテキストテキストテキストテキストテキストテキストテキストテキストテキストテキストテキストテキストテキストテキストテキストテキストテキストテキストテキスト
      </p>
      <ul>
        <li>
          ・
          選択肢A
        </li>
        <li>
          ・
          選択肢B
        </li>
        <li>
          ・
          選択肢C
        </li>
        <li>
          ・
          選択肢D
        </li>
      </ul>
      <div
        class="border border-gray p-3 mt-5 rounded-md shadow-md"
        id="answer-2"
      >
        <h3
          class="mb-2 text-xl"
        >
          あなたの回答
        </h3>
        選択肢A
      </div>
      <div
        class="my-7 p-3 rounded-md bg-light-gray"
        id="modelAnswer"
      >
        <h3
          class="text-xl mb-2 "
        >
          模範解答
        </h3>
        模範解答が入ります。模範解答が入ります。模範解答が入ります。模範解答が入ります。模範解答が入ります。模範解答が入ります。模範解答が入ります。模範解答が入ります。模範解答が入ります。模範解答が入ります。模範解答が入ります。
      </div>
    </div>
    <div
      class="py-5"
    >
      <h3
        class="text-xl"
      >
        Q
        3
        :
        質問のタイトルが入ります
      </h3>
      <p
        class="mt-2 mb-4"
        id="content-3"
      >
        テキストテキストテキストテキストテキストテキストテキストテキストテキストテキストテキストテキストテキストテキストテキストテキストテキストテキストテキストテキストテキストテキストテキストテキスト
      </p>
      <div
        class="border border-gray p-3 mt-2 rounded-md shadow-md"
        id="answer-3"
      >
        <h3
          class="mb-2 text-xl"
        >
          あなたの回答
        </h3>
        回答内容が入ります。回答内容が入ります。回答内容が入ります。回答内容が入ります。回答内容が入ります。回答内容が入ります。回答内容が入ります。回答内容が入ります。回答内容が入ります。回答内容が入ります。回答内容が入ります。
      </div>
      <div
        class="my-7 p-3 rounded-md bg-light-gray"
        id="modelAnswer"
      >
        <h3
          class="text-xl mb-2 "
        >
          模範解答
        </h3>
        模範解答が入ります。模範解答が入ります。模範解答が入ります。模範解答が入ります。模範解答が入ります。模範解答が入ります。模範解答が入ります。模範解答が入ります。模範解答が入ります。模範解答が入ります。模範解答が入ります。
      </div>
    </div>
  </div>,
  "debug": [Function],
  "findAllByAltText": [Function],
  "findAllByDisplayValue": [Function],
  "findAllByLabelText": [Function],
  "findAllByPlaceholderText": [Function],
  "findAllByRole": [Function],
  "findAllByTestId": [Function],
  "findAllByText": [Function],
  "findAllByTitle": [Function],
  "findByAltText": [Function],
  "findByDisplayValue": [Function],
  "findByLabelText": [Function],
  "findByPlaceholderText": [Function],
  "findByRole": [Function],
  "findByTestId": [Function],
  "findByText": [Function],
  "findByTitle": [Function],
  "getAllByAltText": [Function],
  "getAllByDisplayValue": [Function],
  "getAllByLabelText": [Function],
  "getAllByPlaceholderText": [Function],
  "getAllByRole": [Function],
  "getAllByTestId": [Function],
  "getAllByText": [Function],
  "getAllByTitle": [Function],
  "getByAltText": [Function],
  "getByDisplayValue": [Function],
  "getByLabelText": [Function],
  "getByPlaceholderText": [Function],
  "getByRole": [Function],
  "getByTestId": [Function],
  "getByText": [Function],
  "getByTitle": [Function],
  "queryAllByAltText": [Function],
  "queryAllByDisplayValue": [Function],
  "queryAllByLabelText": [Function],
  "queryAllByPlaceholderText": [Function],
  "queryAllByRole": [Function],
  "queryAllByTestId": [Function],
  "queryAllByText": [Function],
  "queryAllByTitle": [Function],
  "queryByAltText": [Function],
  "queryByDisplayValue": [Function],
  "queryByLabelText": [Function],
  "queryByPlaceholderText": [Function],
  "queryByRole": [Function],
  "queryByTestId": [Function],
  "queryByText": [Function],
  "queryByTitle": [Function],
  "rerender": [Function],
  "unmount": [Function],
}
`;
