// Jest Snapshot v1, https://goo.gl/fbAQLP

exports[`Commentコンポーネントテスト スナップショットテスト 1`] = `
{
  "asFragment": [Function],
  "baseElement": <body>
    <div>
      <h3
        class="text-xl mb-3"
      >
        管理者太郎
        からのコメント
      </h3>
      <div
        class="border border-black rounded-md p-3 flex justify-between "
      >
        <div
          class="w-1/6 flex justify-center items-center"
        >
          <img
            alt="コメントしたユーザーのアイコン"
            data-nimg="1"
            decoding="async"
            fetchpriority="high"
            height="70"
            src="/_next/image?url=%2Ficon%2Fhuman_icon.png&w=256&q=75"
            srcset="/_next/image?url=%2Ficon%2Fhuman_icon.png&w=96&q=75 1x, /_next/image?url=%2Ficon%2Fhuman_icon.png&w=256&q=75 2x"
            style="color: transparent;"
            width="70"
          />
        </div>
        <div
          class="w-5/6"
          id="comment"
        >
          コメント内容が入ります。コメント内容が入ります。コメント内容が入ります。コメント内容が入ります。コメント内容が入ります。コメント内容が入ります。コメント内容が入ります。コメント内容が入ります。コメント内容が入ります。コメント内容が入ります。コメント内容が入ります。コメント内容が入ります。
        </div>
      </div>
    </div>
  </body>,
  "container": <div>
    <h3
      class="text-xl mb-3"
    >
      管理者太郎
      からのコメント
    </h3>
    <div
      class="border border-black rounded-md p-3 flex justify-between "
    >
      <div
        class="w-1/6 flex justify-center items-center"
      >
        <img
          alt="コメントしたユーザーのアイコン"
          data-nimg="1"
          decoding="async"
          fetchpriority="high"
          height="70"
          src="/_next/image?url=%2Ficon%2Fhuman_icon.png&w=256&q=75"
          srcset="/_next/image?url=%2Ficon%2Fhuman_icon.png&w=96&q=75 1x, /_next/image?url=%2Ficon%2Fhuman_icon.png&w=256&q=75 2x"
          style="color: transparent;"
          width="70"
        />
      </div>
      <div
        class="w-5/6"
        id="comment"
      >
        コメント内容が入ります。コメント内容が入ります。コメント内容が入ります。コメント内容が入ります。コメント内容が入ります。コメント内容が入ります。コメント内容が入ります。コメント内容が入ります。コメント内容が入ります。コメント内容が入ります。コメント内容が入ります。コメント内容が入ります。
      </div>
    </div>
  </div>,
  "debug": [Function],
  "findAllByAltText": [Function],
  "findAllByDisplayValue": [Function],
  "findAllByLabelText": [Function],
  "findAllByPlaceholderText": [Function],
  "findAllByRole": [Function],
  "findAllByTestId": [Function],
  "findAllByText": [Function],
  "findAllByTitle": [Function],
  "findByAltText": [Function],
  "findByDisplayValue": [Function],
  "findByLabelText": [Function],
  "findByPlaceholderText": [Function],
  "findByRole": [Function],
  "findByTestId": [Function],
  "findByText": [Function],
  "findByTitle": [Function],
  "getAllByAltText": [Function],
  "getAllByDisplayValue": [Function],
  "getAllByLabelText": [Function],
  "getAllByPlaceholderText": [Function],
  "getAllByRole": [Function],
  "getAllByTestId": [Function],
  "getAllByText": [Function],
  "getAllByTitle": [Function],
  "getByAltText": [Function],
  "getByDisplayValue": [Function],
  "getByLabelText": [Function],
  "getByPlaceholderText": [Function],
  "getByRole": [Function],
  "getByTestId": [Function],
  "getByText": [Function],
  "getByTitle": [Function],
  "queryAllByAltText": [Function],
  "queryAllByDisplayValue": [Function],
  "queryAllByLabelText": [Function],
  "queryAllByPlaceholderText": [Function],
  "queryAllByRole": [Function],
  "queryAllByTestId": [Function],
  "queryAllByText": [Function],
  "queryAllByTitle": [Function],
  "queryByAltText": [Function],
  "queryByDisplayValue": [Function],
  "queryByLabelText": [Function],
  "queryByPlaceholderText": [Function],
  "queryByRole": [Function],
  "queryByTestId": [Function],
  "queryByText": [Function],
  "queryByTitle": [Function],
  "rerender": [Function],
  "unmount": [Function],
}
`;
