// Jest Snapshot v1, https://goo.gl/fbAQLP

exports[`ModelAnswerContentコンポーネントのテスト スナップショットテスト 1`] = `
{
  "asFragment": [Function],
  "baseElement": <body>
    <div>
      <div
        class="my-7 p-3 rounded-md bg-gray-200"
        id="modelAnswer"
      >
        <h3
          class="text-xl mb-2 "
        >
          模範解答
        </h3>
        模範解答が入ります。模範解答が入ります。模範解答が入ります。模範解答が入ります。模範解答が入ります。模範解答が入ります。模範解答が入ります。模範解答が入ります。模範解答が入ります。模範解答が入ります。模範解答が入ります。
      </div>
    </div>
  </body>,
  "container": <div>
    <div
      class="my-7 p-3 rounded-md bg-gray-200"
      id="modelAnswer"
    >
      <h3
        class="text-xl mb-2 "
      >
        模範解答
      </h3>
      模範解答が入ります。模範解答が入ります。模範解答が入ります。模範解答が入ります。模範解答が入ります。模範解答が入ります。模範解答が入ります。模範解答が入ります。模範解答が入ります。模範解答が入ります。模範解答が入ります。
    </div>
  </div>,
  "debug": [Function],
  "findAllByAltText": [Function],
  "findAllByDisplayValue": [Function],
  "findAllByLabelText": [Function],
  "findAllByPlaceholderText": [Function],
  "findAllByRole": [Function],
  "findAllByTestId": [Function],
  "findAllByText": [Function],
  "findAllByTitle": [Function],
  "findByAltText": [Function],
  "findByDisplayValue": [Function],
  "findByLabelText": [Function],
  "findByPlaceholderText": [Function],
  "findByRole": [Function],
  "findByTestId": [Function],
  "findByText": [Function],
  "findByTitle": [Function],
  "getAllByAltText": [Function],
  "getAllByDisplayValue": [Function],
  "getAllByLabelText": [Function],
  "getAllByPlaceholderText": [Function],
  "getAllByRole": [Function],
  "getAllByTestId": [Function],
  "getAllByText": [Function],
  "getAllByTitle": [Function],
  "getByAltText": [Function],
  "getByDisplayValue": [Function],
  "getByLabelText": [Function],
  "getByPlaceholderText": [Function],
  "getByRole": [Function],
  "getByTestId": [Function],
  "getByText": [Function],
  "getByTitle": [Function],
  "queryAllByAltText": [Function],
  "queryAllByDisplayValue": [Function],
  "queryAllByLabelText": [Function],
  "queryAllByPlaceholderText": [Function],
  "queryAllByRole": [Function],
  "queryAllByTestId": [Function],
  "queryAllByText": [Function],
  "queryAllByTitle": [Function],
  "queryByAltText": [Function],
  "queryByDisplayValue": [Function],
  "queryByLabelText": [Function],
  "queryByPlaceholderText": [Function],
  "queryByRole": [Function],
  "queryByTestId": [Function],
  "queryByText": [Function],
  "queryByTitle": [Function],
  "rerender": [Function],
  "unmount": [Function],
}
`;
