// Jest Snapshot v1, https://goo.gl/fbAQLP

exports[`AnswerListコンポーネントのテスト スナップショットテスト 1`] = `
<div>
  <div
    class="py-5"
  >
    <h3
      class="text-xl"
    >
      Q
      1
      :
      質問のタイトルが入ります
    </h3>
    <p
      class="mt-2 mb-4"
      id="content-1"
    >
      テキストテキストテキストテキストテキストテキストテキストテキストテキストテキストテキストテキストテキストテキストテキストテキストテキストテキストテキストテキストテキストテキストテキストテキスト
    </p>
    <div
      class="border border-gray p-3 mt-2 rounded-md shadow-md"
      id="answer-0"
    >
      <h3
        class="mb-2 text-xl"
      >
        ラクス花子
        の解答
      </h3>
      回答内容が入ります。回答内容が入ります。回答内容が入ります。回答内容が入ります。回答内容が入ります。回答内容が入ります。回答内容が入ります。回答内容が入ります。回答内容が入ります。回答内容が入ります。回答内容が入ります。
    </div>
    <div
      class="my-7 p-3 rounded-md bg-gray-200"
      id="modelAnswer"
    >
      <h3
        class="text-xl mb-2 "
      >
        模範解答
      </h3>
      模範解答が入ります。模範解答が入ります。模範解答が入ります。模範解答が入ります。模範解答が入ります。模範解答が入ります。模範解答が入ります。模範解答が入ります。模範解答が入ります。模範解答が入ります。模範解答が入ります。
    </div>
  </div>
  <div
    class="py-5"
  >
    <h3
      class="text-xl"
    >
      Q
      2
      :
      質問のタイトルが入ります
    </h3>
    <p
      class="mt-2 mb-4"
      id="content-2"
    >
      テキストテキストテキストテキストテキストテキストテキストテキストテキストテキストテキストテキストテキストテキストテキストテキストテキストテキストテキストテキストテキストテキストテキストテキスト
    </p>
    <ul>
      <li>
        ・
        選択肢A
      </li>
      <li>
        ・
        選択肢B
      </li>
      <li>
        ・
        選択肢C
      </li>
      <li>
        ・
        選択肢D
      </li>
    </ul>
    <div
      class="border border-gray p-3 mt-5 rounded-md shadow-md"
      id="answer-1"
    >
      <h3
        class="mb-2 text-xl"
      >
        ラクス花子
        の解答
      </h3>
      選択肢A
    </div>
    <div
      class="my-7 p-3 rounded-md bg-gray-200"
      id="modelAnswer"
    >
      <h3
        class="text-xl mb-2 "
      >
        模範解答
      </h3>
      模範解答が入ります。模範解答が入ります。模範解答が入ります。模範解答が入ります。模範解答が入ります。模範解答が入ります。模範解答が入ります。模範解答が入ります。模範解答が入ります。模範解答が入ります。模範解答が入ります。
    </div>
  </div>
  <div
    class="py-5"
  >
    <h3
      class="text-xl"
    >
      Q
      3
      :
      質問のタイトルが入ります
    </h3>
    <p
      class="mt-2 mb-4"
      id="content-3"
    >
      テキストテキストテキストテキストテキストテキストテキストテキストテキストテキストテキストテキストテキストテキストテキストテキストテキストテキストテキストテキストテキストテキストテキストテキスト
    </p>
    <div
      class="border border-gray p-3 mt-2 rounded-md shadow-md"
      id="answer-2"
    >
      <h3
        class="mb-2 text-xl"
      >
        ラクス花子
        の解答
      </h3>
      回答内容が入ります。回答内容が入ります。回答内容が入ります。回答内容が入ります。回答内容が入ります。回答内容が入ります。回答内容が入ります。回答内容が入ります。回答内容が入ります。回答内容が入ります。回答内容が入ります。
    </div>
    <div
      class="my-7 p-3 rounded-md bg-gray-200"
      id="modelAnswer"
    >
      <h3
        class="text-xl mb-2 "
      >
        模範解答
      </h3>
      模範解答が入ります。模範解答が入ります。模範解答が入ります。模範解答が入ります。模範解答が入ります。模範解答が入ります。模範解答が入ります。模範解答が入ります。模範解答が入ります。模範解答が入ります。模範解答が入ります。
    </div>
  </div>
</div>
`;
